Making dependencies: perturbU.C
g++ -std=c++14 -m64 -pthread -DOPENFOAM=2212 -DWM_DP -DWM_LABEL_SIZE=32 -Wall -Wextra -Wold-style-cast -Wnon-virtual-dtor -Wno-unused-parameter -Wno-invalid-offsetof -Wno-attributes -Wno-unknown-pragmas -O3  -DNoRepository -ftemplate-depth-100  -I/usr/lib/openfoam/openfoam2212/src/meshTools/lnInclude -I/usr/lib/openfoam/openfoam2212/src/finiteVolume/lnInclude  -iquote. -IlnInclude -I/usr/lib/openfoam/openfoam2212/src/OpenFOAM/lnInclude -I/usr/lib/openfoam/openfoam2212/src/OSspecific/POSIX/lnInclude   -fPIC -c perturbU.C -o Make/linux64GccDPInt32Opt/perturbU.o
perturbU.C: In function ‘int main(int, char**)’:
perturbU.C:123:5: warning: ‘Foam::dimensioned<Type>::dimensioned(Foam::Istream&) [with Type = double]’ is deprecated: Since 2018-11 [-Wdeprecated-declarations]
  123 |     );
      |     ^
In file included from /usr/lib/openfoam/openfoam2212/src/OpenFOAM/lnInclude/dimensionedType.H:572,
                 from /usr/lib/openfoam/openfoam2212/src/OpenFOAM/lnInclude/dimensionedScalar.H:41,
                 from /usr/lib/openfoam/openfoam2212/src/OpenFOAM/lnInclude/TimeState.H:41,
                 from /usr/lib/openfoam/openfoam2212/src/OpenFOAM/lnInclude/Time.H:50,
                 from /usr/lib/openfoam/openfoam2212/src/finiteVolume/lnInclude/fvCFD.H:4,
                 from perturbU.C:40:
/usr/lib/openfoam/openfoam2212/src/OpenFOAM/lnInclude/dimensionedType.C:310:1: note: declared here
  310 | Foam::dimensioned<Type>::dimensioned(Istream& is)
      | ^~~~
perturbU.C:127:5: warning: ‘Foam::dimensioned<Type>::dimensioned(Foam::Istream&) [with Type = Foam::Vector<double>]’ is deprecated: Since 2018-11 [-Wdeprecated-declarations]
  127 |     );
      |     ^
In file included from /usr/lib/openfoam/openfoam2212/src/OpenFOAM/lnInclude/dimensionedType.H:572,
                 from /usr/lib/openfoam/openfoam2212/src/OpenFOAM/lnInclude/dimensionedScalar.H:41,
                 from /usr/lib/openfoam/openfoam2212/src/OpenFOAM/lnInclude/TimeState.H:41,
                 from /usr/lib/openfoam/openfoam2212/src/OpenFOAM/lnInclude/Time.H:50,
                 from /usr/lib/openfoam/openfoam2212/src/finiteVolume/lnInclude/fvCFD.H:4,
                 from perturbU.C:40:
/usr/lib/openfoam/openfoam2212/src/OpenFOAM/lnInclude/dimensionedType.C:310:1: note: declared here
  310 | Foam::dimensioned<Type>::dimensioned(Istream& is)
      | ^~~~
g++ -std=c++14 -m64 -pthread -DOPENFOAM=2212 -DWM_DP -DWM_LABEL_SIZE=32 -Wall -Wextra -Wold-style-cast -Wnon-virtual-dtor -Wno-unused-parameter -Wno-invalid-offsetof -Wno-attributes -Wno-unknown-pragmas -O3  -DNoRepository -ftemplate-depth-100  -I/usr/lib/openfoam/openfoam2212/src/meshTools/lnInclude -I/usr/lib/openfoam/openfoam2212/src/finiteVolume/lnInclude  -iquote. -IlnInclude -I/usr/lib/openfoam/openfoam2212/src/OpenFOAM/lnInclude -I/usr/lib/openfoam/openfoam2212/src/OSspecific/POSIX/lnInclude   -fPIC -Xlinker --add-needed -Xlinker --no-as-needed  Make/linux64GccDPInt32Opt/perturbU.o -L/usr/lib/openfoam/openfoam2212/platforms/linux64GccDPInt32Opt/lib \
    -lmeshTools -lfiniteVolume  -lOpenFOAM -ldl  \
     -lm -o /home/vresseguier/OpenFOAM/vresseguier-v2212/platforms/linux64GccDPInt32Opt/bin/perturbUCylinder
